
> altayef-webapps@0.1.0 build
> next build

▲ Next.js 16.1.1 (Turbopack)
- Environments: .env.local

⚠ The "middleware" file convention is deprecated. Please use "proxy" instead. Learn more: https://nextjs.org/docs/messages/middleware-to-proxy
  Creating an optimized production build ...

> Build error occurred
Error: Turbopack build failed with 1 errors:
./app/admin/knowledge/[id]/edit/page.tsx:2:1
Module not found: Can't resolve '../form'
[0m [90m 1 |[39m [36mimport[39m [33mLink[39m [36mfrom[39m [32m'next/link'[39m
[31m[1m>[22m[39m[90m 2 |[39m [36mimport[39m [33mArticleForm[39m [36mfrom[39m [32m'../form'[39m
 [90m   |[39m [31m[1m^[22m[39m[31m[1m^[22m[39m[31m[1m^[22m[39m[31m[1m^[22m[39m[31m[1m^[22m[39m[31m[1m^[22m[39m[31m[1m^[22m[39m[31m[1m^[22m[39m[31m[1m^[22m[39m[31m[1m^[22m[39m[31m[1m^[22m[39m[31m[1m^[22m[39m[31m[1m^[22m[39m[31m[1m^[22m[39m[31m[1m^[22m[39m[31m[1m^[22m[39m[31m[1m^[22m[39m[31m[1m^[22m[39m[31m[1m^[22m[39m[31m[1m^[22m[39m[31m[1m^[22m[39m[31m[1m^[22m[39m[31m[1m^[22m[39m[31m[1m^[22m[39m[31m[1m^[22m[39m[31m[1m^[22m[39m[31m[1m^[22m[39m[31m[1m^[22m[39m[31m[1m^[22m[39m[31m[1m^[22m[39m[31m[1m^[22m[39m[31m[1m^[22m[39m[31m[1m^[22m[39m
 [90m 3 |[39m [36mimport[39m { getArticleById } [36mfrom[39m [32m'@/lib/data/articles'[39m
 [90m 4 |[39m [36mimport[39m { notFound } [36mfrom[39m [32m'next/navigation'[39m
 [90m 5 |[39m[0m



https://nextjs.org/docs/messages/module-not-found


    at <unknown> (./app/admin/knowledge/[id]/edit/page.tsx:2:1)
    at <unknown> (https://nextjs.org/docs/messages/module-not-found)
